
R version 4.2.3 (2023-03-15) -- "Shortstop Beagle"
Copyright (C) 2023 The R Foundation for Statistical Computing
Platform: x86_64-pc-linux-gnu (64-bit)

R is free software and comes with ABSOLUTELY NO WARRANTY.
You are welcome to redistribute it under certain conditions.
Type 'license()' or 'licence()' for distribution details.

  Natural language support but running in an English locale

R is a collaborative project with many contributors.
Type 'contributors()' for more information and
'citation()' on how to cite R or R packages in publications.

Type 'demo()' for some demos, 'help()' for on-line help, or
'help.start()' for an HTML browser interface to help.
Type 'q()' to quit R.

> library(tidyverse)
── Attaching core tidyverse packages ──────────────────────── tidyverse 2.0.0 ──
✔ dplyr     1.1.4     ✔ readr     2.1.4
✔ forcats   1.0.0     ✔ stringr   1.5.0
✔ ggplot2   3.5.2     ✔ tibble    3.2.1
✔ lubridate 1.9.2     ✔ tidyr     1.3.0
✔ purrr     1.0.1     
── Conflicts ────────────────────────────────────────── tidyverse_conflicts() ──
✖ dplyr::filter() masks stats::filter()
✖ dplyr::lag()    masks stats::lag()
ℹ Use the conflicted package (<http://conflicted.r-lib.org/>) to force all conflicts to become errors
> library(lme4)
Loading required package: Matrix

Attaching package: ‘Matrix’

The following objects are masked from ‘package:tidyr’:

    expand, pack, unpack

> library(nnet)      # For multinomial logistic regression
> library(glmnet)    # For LASSO (variable selection with collinearity)
Loaded glmnet 4.1-8
> library(caret)     # For preprocessing
Loading required package: lattice

Attaching package: ‘caret’

The following object is masked from ‘package:purrr’:

    lift

> library(dplyr)     # For data manipulation
> library(data.table)

Attaching package: ‘data.table’

The following objects are masked from ‘package:lubridate’:

    hour, isoweek, mday, minute, month, quarter, second, wday, week,
    yday, year

The following objects are masked from ‘package:dplyr’:

    between, first, last

The following object is masked from ‘package:purrr’:

    transpose

> library(corrplot) # For easy heatmap plotting
corrplot 0.95 loaded
> library(lsa) # for cosine
Loading required package: SnowballC
> library(pheatmap)
> library(pscl)
Classes and Methods for R originally developed in the
Political Science Computational Laboratory
Department of Political Science
Stanford University (2002-2015),
by and under the direction of Simon Jackman.
hurdle and zeroinfl functions by Achim Zeileis.
> library(progress)
> 
> ##############
> # load data
> ###############
> 
> 
> toks <- read_csv("/home/gsc685/data/coca_downsampled_tokenized_sentences.csv")
Rows: 57665 Columns: 17
── Column specification ────────────────────────────────────────────────────────
Delimiter: ","
chr (13): word, sentence, pos_coarse, pos_fine, dependency, lemma, head, hea...
dbl  (1): token_id
lgl  (3): is_alpha, is_stop, is_punct

ℹ Use `spec()` to retrieve the full column specification for this data.
ℹ Specify the column types or set `show_col_types = FALSE` to quiet this message.
> 
> # load features as a data.table
> path <- "/home/gsc685/data/features/validation_coca/"
> # List all CSV files in the directory
> files <- list.files(path, pattern = "\\.csv$", full.names = TRUE)
> # Read all CSVs into one data.table
> all_features <- rbindlist(lapply(files, fread), use.names = TRUE, fill = TRUE)
> 
> 
> ##################
> # for each feature, get the 10 sentences with the highest and lowest values
> ##################
> 
> 
> feature_names <- unique(all_features$feature)
> 
> # Create a list to store results
> top_bottom_sentences <- list()
> 
> pb <- progress_bar$new(
+   format = "  processing [:bar] :percent eta: :eta",
+   total = length(feature_names), clear = FALSE, width = 60
+ )
> 
> 
> # Loop over each feature
> for (feat in feature_names) {
+   pb$tick()  # Update progress bar
+ 
+   # This filters rows where the 'feature' column == current feature
+   dt  <- all_features[features == feat]
+   # Sort by predicted_value
+   sorted <- dt[order(-predicted_value)]  # For descending order (highest first)
+ 
+   # Take top 10 highest and lowest
+   top10 <- sorted[1:10, ]
+   bottom10 <- sorted[(nrow(sorted)-9):nrow(sorted), ]
+ 
+   # Top 10
+   top10 <- dt[order(-get("predicted_value"))][1:10, ]
+   # Bottom 10
+   bottom10 <- dt[order(get("predicted_value"))][1:10, ]
+   # Combine
+   top_bottom_sentences[[feature]] <- rbind(top10, bottom10)
+ }
Error in .checkTypos(e, names_x) : 
  Object 'features' not found. Perhaps you intended feature
Calls: [ ... tryCatchList -> tryCatchOne -> <Anonymous> -> .checkTypos
Execution halted
